#-----------------------------------------------------------
# Webtalk v2019.1 (64-bit)
# SW Build 2552052 on Fri May 24 14:49:42 MDT 2019
# IP Build 2548770 on Fri May 24 18:01:18 MDT 2019
# Start of session at: Wed Jun 15 23:17:59 2022
# Process ID: 14320
# Current directory: C:/xilinx_proyectos/Laboratorios/lab2/lab2_top_level_module_v2/lab2_top_level_module_v2.sim/sim_1/behav/xsim
# Command line: wbtcv.exe -mode batch -source C:/xilinx_proyectos/Laboratorios/lab2/lab2_top_level_module_v2/lab2_top_level_module_v2.sim/sim_1/behav/xsim/xsim.dir/lab2_testbench_top_module_level_v2_behav/webtalk/xsim_webtalk.tcl -notrace
# Log file: C:/xilinx_proyectos/Laboratorios/lab2/lab2_top_level_module_v2/lab2_top_level_module_v2.sim/sim_1/behav/xsim/webtalk.log
# Journal file: C:/xilinx_proyectos/Laboratorios/lab2/lab2_top_level_module_v2/lab2_top_level_module_v2.sim/sim_1/behav/xsim\webtalk.jou
#-----------------------------------------------------------
source C:/xilinx_proyectos/Laboratorios/lab2/lab2_top_level_module_v2/lab2_top_level_module_v2.sim/sim_1/behav/xsim/xsim.dir/lab2_testbench_top_module_level_v2_behav/webtalk/xsim_webtalk.tcl -notrace
